.logs.resourceLogs[]
.logs.resourceLogs[].resource.attributes[]
.logs.resourceLogs[].resource.attributes[].key=string
.logs.resourceLogs[].resource.attributes[].value.stringValue=string
.logs.resourceLogs[].resource.attributes[].value{}
.logs.resourceLogs[].resource.attributes[]{}
.logs.resourceLogs[].resource{}
.logs.resourceLogs[].scopeLogs[]
.logs.resourceLogs[].scopeLogs[].logRecords[]
.logs.resourceLogs[].scopeLogs[].logRecords[].attributes[]
.logs.resourceLogs[].scopeLogs[].logRecords[].attributes[].key=string
.logs.resourceLogs[].scopeLogs[].logRecords[].attributes[].value.boolValue=bool
.logs.resourceLogs[].scopeLogs[].logRecords[].attributes[].value.intValue=string
.logs.resourceLogs[].scopeLogs[].logRecords[].attributes[].value.stringValue=string
.logs.resourceLogs[].scopeLogs[].logRecords[].attributes[].value{}
.logs.resourceLogs[].scopeLogs[].logRecords[].attributes[]{}
.logs.resourceLogs[].scopeLogs[].logRecords[].body.stringValue=string
.logs.resourceLogs[].scopeLogs[].logRecords[].body{}
.logs.resourceLogs[].scopeLogs[].logRecords[].eventName=string
.logs.resourceLogs[].scopeLogs[].logRecords[].observedTimeUnixNano=string
.logs.resourceLogs[].scopeLogs[].logRecords[].severityNumber=string
.logs.resourceLogs[].scopeLogs[].logRecords[].timeUnixNano=string
.logs.resourceLogs[].scopeLogs[].logRecords[].traceId=string
.logs.resourceLogs[].scopeLogs[].logRecords[]{}
.logs.resourceLogs[].scopeLogs[].scope.name=string
.logs.resourceLogs[].scopeLogs[].scope{}
.logs.resourceLogs[].scopeLogs[]{}
.logs.resourceLogs[]{}
.logs{}
.traces.resourceSpans[]
.traces.resourceSpans[].resource.attributes[]
.traces.resourceSpans[].resource.attributes[].key=string
.traces.resourceSpans[].resource.attributes[].value.stringValue=string
.traces.resourceSpans[].resource.attributes[].value{}
.traces.resourceSpans[].resource.attributes[]{}
.traces.resourceSpans[].resource{}
.traces.resourceSpans[].scopeSpans[]
.traces.resourceSpans[].scopeSpans[].scope.name=string
.traces.resourceSpans[].scopeSpans[].scope{}
.traces.resourceSpans[].scopeSpans[].spans[]
.traces.resourceSpans[].scopeSpans[].spans[].attributes[]
.traces.resourceSpans[].scopeSpans[].spans[].attributes[].key=string
.traces.resourceSpans[].scopeSpans[].spans[].attributes[].value.arrayValue.values[]
.traces.resourceSpans[].scopeSpans[].spans[].attributes[].value.arrayValue.values[].stringValue=string
.traces.resourceSpans[].scopeSpans[].spans[].attributes[].value.arrayValue.values[]{}
.traces.resourceSpans[].scopeSpans[].spans[].attributes[].value.arrayValue{}
.traces.resourceSpans[].scopeSpans[].spans[].attributes[].value.boolValue=bool
.traces.resourceSpans[].scopeSpans[].spans[].attributes[].value.intValue=string
.traces.resourceSpans[].scopeSpans[].spans[].attributes[].value.stringValue=string
.traces.resourceSpans[].scopeSpans[].spans[].attributes[].value{}
.traces.resourceSpans[].scopeSpans[].spans[].attributes[]{}
.traces.resourceSpans[].scopeSpans[].spans[].endTimeUnixNano=string
.traces.resourceSpans[].scopeSpans[].spans[].kind=string
.traces.resourceSpans[].scopeSpans[].spans[].name=string
.traces.resourceSpans[].scopeSpans[].spans[].parentSpanId=string
.traces.resourceSpans[].scopeSpans[].spans[].spanId=string
.traces.resourceSpans[].scopeSpans[].spans[].startTimeUnixNano=string
.traces.resourceSpans[].scopeSpans[].spans[].status.code=string
.traces.resourceSpans[].scopeSpans[].spans[].status.message=string
.traces.resourceSpans[].scopeSpans[].spans[].status{}
.traces.resourceSpans[].scopeSpans[].spans[].traceId=string
.traces.resourceSpans[].scopeSpans[].spans[]{}
.traces.resourceSpans[].scopeSpans[]{}
.traces.resourceSpans[]{}
.traces{}
{}
