.compactions[]
.events.events[]
.events.events[].event.type=string
.events.events[].event[run_finish].pending[]
.events.events[].event[run_finish].pending[].type=string
.events.events[].event[run_finish].pending[][tool_call].args=<nil>
.events.events[].event[run_finish].pending[][tool_call].id=string
.events.events[].event[run_finish].pending[][tool_call].name=string
.events.events[].event[run_finish].pending[]{}
.events.events[].event[run_finish].run_id=string
.events.events[].event[run_finish].steps=float64
.events.events[].event[run_finish].usage.input_tokens=float64
.events.events[].event[run_finish].usage.output_tokens=float64
.events.events[].event[run_finish].usage{}
.events.events[].event[run_start].agent=string
.events.events[].event[run_start].id=string
.events.events[].event[run_start].instructions_hash=string
.events.events[].event[run_start].model.name=string
.events.events[].event[run_start].model.provider=string
.events.events[].event[run_start].model{}
.events.events[].event[step_finish].index=float64
.events.events[].event[step_finish].latency_ms=float64
.events.events[].event[step_finish].reason=string
.events.events[].event[step_finish].run_id=string
.events.events[].event[step_finish].usage.input_tokens=float64
.events.events[].event[step_finish].usage.output_tokens=float64
.events.events[].event[step_finish].usage{}
.events.events[].event[step_start].index=float64
.events.events[].event[step_start].run_id=string
.events.events[].event[tool_finish].call_id=string
.events.events[].event[tool_finish].content=string
.events.events[].event[tool_finish].is_error=bool
.events.events[].event[tool_finish].name=string
.events.events[].event[tool_finish].run_id=string
.events.events[].event[tool_finish].seq=float64
.events.events[].event[tool_start].args=<nil>
.events.events[].event[tool_start].call_id=string
.events.events[].event[tool_start].name=string
.events.events[].event[tool_start].run_id=string
.events.events[].event[tool_start].seq=float64
.events.events[].event{}
.events.events[].pos=float64
.events.events[].time=string
.events.events[]{}
.events.gaps[]
.events{}
.format=string
.holes[]
.holes[].fix=string
.holes[].hole=string
.holes[].reason=string
.holes[]{}
.requests.catalogs.<key>.badge=string
.requests.catalogs.<key>.hash=string
.requests.catalogs.<key>{}
.requests.catalogs{}
.requests.prompts.<key>.badge=string
.requests.prompts.<key>.hash=string
.requests.prompts.<key>{}
.requests.prompts{}
.requests.requests[]
.requests.requests[].attempt=float64
.requests.requests[].body.attempt=float64
.requests.requests[].body.messages_ref.count=float64
.requests.requests[].body.messages_ref{}
.requests.requests[].body.model.name=string
.requests.requests[].body.model.provider=string
.requests.requests[].body.model{}
.requests.requests[].body.params{}
.requests.requests[].body.sequential_tools=bool
.requests.requests[].body.step=float64
.requests.requests[].body.stream=bool
.requests.requests[].body.system_hash=string
.requests.requests[].body.tools.catalog_hash=string
.requests.requests[].body.tools.names[]
.requests.requests[].body.tools.names[]=string
.requests.requests[].body.tools{}
.requests.requests[].body{}
.requests.requests[].catalog_hash=string
.requests.requests[].content=string
.requests.requests[].index=float64
.requests.requests[].step=float64
.requests.requests[].system_hash=string
.requests.requests[].time=string
.requests.requests[].truncated_bytes=float64
.requests.requests[]{}
.requests{}
.run.agent=string
.run.catalog_hash=string
.run.children[]
.run.children[].agent=string
.run.children[].catalog_hash=string
.run.children[].err=string
.run.children[].event_count=float64
.run.children[].experiment_id=string
.run.children[].finished=string
.run.children[].forked_from=string
.run.children[].id=string
.run.children[].instructions_hash=string
.run.children[].last_seen=string
.run.children[].manifest_hash=string
.run.children[].message_count=float64
.run.children[].meta{}
.run.children[].model.name=string
.run.children[].model.provider=string
.run.children[].model{}
.run.children[].parent_call_id=string
.run.children[].parent_run_id=string
.run.children[].pending=float64
.run.children[].playground=bool
.run.children[].public_id=string
.run.children[].request_count=float64
.run.children[].service=string
.run.children[].session_id=string
.run.children[].started=string
.run.children[].status=string
.run.children[].steps=float64
.run.children[].stop_reason=string
.run.children[].trace_id=string
.run.children[].turn=float64
.run.children[].usage.input_tokens=float64
.run.children[].usage.output_tokens=float64
.run.children[].usage{}
.run.children[].weft_version=string
.run.children[]{}
.run.err=string
.run.event_count=float64
.run.experiment_id=string
.run.finished=string
.run.forked_from=string
.run.id=string
.run.instructions_hash=string
.run.last_seen=string
.run.manifest_hash=string
.run.message_count=float64
.run.meta{}
.run.model.name=string
.run.model.provider=string
.run.model{}
.run.parent_call_id=string
.run.parent_run_id=string
.run.pending=float64
.run.playground=bool
.run.public_id=string
.run.request_count=float64
.run.service=string
.run.session_id=string
.run.started=string
.run.status=string
.run.steps=float64
.run.stop_reason=string
.run.trace_id=string
.run.turn=float64
.run.usage.input_tokens=float64
.run.usage.output_tokens=float64
.run.usage{}
.run.weft_version=string
.run{}
.spans[]
.spans[].attrs.<key>=bool
.spans[].attrs.<key>=float64
.spans[].attrs.<key>=string
.spans[].attrs.<key>[]
.spans[].attrs.<key>[]=string
.spans[].attrs{}
.spans[].end=string
.spans[].events[]
.spans[].kind=string
.spans[].name=string
.spans[].parent_span_id=string
.spans[].service=string
.spans[].span_id=string
.spans[].start=string
.spans[].status=string
.spans[].status_message=string
.spans[].trace_id=string
.spans[]{}
.transcript.badge=string
.transcript.batches[]
.transcript.fix=string
.transcript.reason=string
.transcript{}
{}
