<compaction>.entries=float64
<compaction>.from_seq=float64
<compaction>.hash=string
<compaction>.index=float64
<compaction>.messages[]
<compaction>.messages[].content[]
<compaction>.messages[].content[].type=string
<compaction>.messages[].content[][text].text=string
<compaction>.messages[].content[]{}
<compaction>.messages[].role=string
<compaction>.messages[]{}
<compaction>.reason=string
<compaction>.record=string
<compaction>.replaced=float64
<compaction>.scope=string
<compaction>.step=float64
<compaction>.to_seq=float64
<compaction>.tokens_after=float64
<compaction>.tokens_before=float64
<compaction>{}
<event>.event.type=string
<event>.event[run_finish].pending[]
<event>.event[run_finish].pending[].type=string
<event>.event[run_finish].pending[][tool_call].args.order_id=string
<event>.event[run_finish].pending[][tool_call].args{}
<event>.event[run_finish].pending[][tool_call].id=string
<event>.event[run_finish].pending[][tool_call].name=string
<event>.event[run_finish].pending[]{}
<event>.event[run_finish].run_id=string
<event>.event[run_finish].steps=float64
<event>.event[run_finish].usage.input_tokens=float64
<event>.event[run_finish].usage.output_tokens=float64
<event>.event[run_finish].usage{}
<event>.event[run_start].agent=string
<event>.event[run_start].id=string
<event>.event[run_start].instructions_hash=string
<event>.event[run_start].model.name=string
<event>.event[run_start].model.provider=string
<event>.event[run_start].model{}
<event>.event[step_finish].index=float64
<event>.event[step_finish].latency_ms=float64
<event>.event[step_finish].reason=string
<event>.event[step_finish].run_id=string
<event>.event[step_finish].usage.input_tokens=float64
<event>.event[step_finish].usage.output_tokens=float64
<event>.event[step_finish].usage{}
<event>.event[step_start].index=float64
<event>.event[step_start].run_id=string
<event>.event[tool_finish].call_id=string
<event>.event[tool_finish].content=string
<event>.event[tool_finish].is_error=bool
<event>.event[tool_finish].name=string
<event>.event[tool_finish].run_id=string
<event>.event[tool_finish].seq=float64
<event>.event[tool_start].args.order_id=string
<event>.event[tool_start].args.prompt=string
<event>.event[tool_start].args{}
<event>.event[tool_start].call_id=string
<event>.event[tool_start].name=string
<event>.event[tool_start].run_id=string
<event>.event[tool_start].seq=float64
<event>.event{}
<event>.pos=float64
<event>.record=string
<event>.time=string
<event>{}
<messages>.index=float64
<messages>.input=bool
<messages>.messages[]
<messages>.messages[].content[]
<messages>.messages[].content[].type=string
<messages>.messages[].content[][text].text=string
<messages>.messages[].content[][tool_call].args.order_id=string
<messages>.messages[].content[][tool_call].args.prompt=string
<messages>.messages[].content[][tool_call].args{}
<messages>.messages[].content[][tool_call].id=string
<messages>.messages[].content[][tool_call].name=string
<messages>.messages[].content[][tool_result].call_id=string
<messages>.messages[].content[][tool_result].content=string
<messages>.messages[].content[][tool_result].is_error=bool
<messages>.messages[].content[][tool_result].name=string
<messages>.messages[].content[]{}
<messages>.messages[].role=string
<messages>.messages[]{}
<messages>.record=string
<messages>.step=float64
<messages>{}
<prompt>.content=string
<prompt>.hash=string
<prompt>.record=string
<prompt>.text=string
<prompt>.truncated_bytes=float64
<prompt>{}
<request>.attempt=float64
<request>.body.attempt=float64
<request>.body.messages_ref.count=float64
<request>.body.messages_ref.index=float64
<request>.body.messages_ref{}
<request>.body.model.name=string
<request>.body.model.provider=string
<request>.body.model{}
<request>.body.params{}
<request>.body.sequential_tools=bool
<request>.body.step=float64
<request>.body.stream=bool
<request>.body.system_hash=string
<request>.body.tools.catalog_hash=string
<request>.body.tools.names[]
<request>.body.tools.names[]=string
<request>.body.tools{}
<request>.body{}
<request>.catalog_hash=string
<request>.content=string
<request>.index=float64
<request>.record=string
<request>.step=float64
<request>.system_hash=string
<request>.time=string
<request>.truncated_bytes=float64
<request>{}
<run>.format=string
<run>.holes[]
<run>.holes[].fix=string
<run>.holes[].hole=string
<run>.holes[].reason=string
<run>.holes[]{}
<run>.record=string
<run>.run.agent=string
<run>.run.catalog_hash=string
<run>.run.children[]
<run>.run.children[].agent=string
<run>.run.children[].catalog_hash=string
<run>.run.children[].err=string
<run>.run.children[].event_count=float64
<run>.run.children[].experiment_id=string
<run>.run.children[].finished=string
<run>.run.children[].forked_from=string
<run>.run.children[].id=string
<run>.run.children[].instructions_hash=string
<run>.run.children[].last_seen=string
<run>.run.children[].manifest_hash=string
<run>.run.children[].message_count=float64
<run>.run.children[].meta{}
<run>.run.children[].model.name=string
<run>.run.children[].model.provider=string
<run>.run.children[].model{}
<run>.run.children[].parent_call_id=string
<run>.run.children[].parent_run_id=string
<run>.run.children[].pending=float64
<run>.run.children[].playground=bool
<run>.run.children[].public_id=string
<run>.run.children[].request_count=float64
<run>.run.children[].service=string
<run>.run.children[].session_id=string
<run>.run.children[].started=string
<run>.run.children[].status=string
<run>.run.children[].steps=float64
<run>.run.children[].stop_reason=string
<run>.run.children[].trace_id=string
<run>.run.children[].turn=float64
<run>.run.children[].usage.input_tokens=float64
<run>.run.children[].usage.output_tokens=float64
<run>.run.children[].usage{}
<run>.run.children[].weft_version=string
<run>.run.children[]{}
<run>.run.err=string
<run>.run.event_count=float64
<run>.run.experiment_id=string
<run>.run.finished=string
<run>.run.forked_from=string
<run>.run.holes[]
<run>.run.id=string
<run>.run.instructions_hash=string
<run>.run.last_seen=string
<run>.run.manifest_hash=string
<run>.run.message_count=float64
<run>.run.meta{}
<run>.run.model.name=string
<run>.run.model.provider=string
<run>.run.model{}
<run>.run.parent_call_id=string
<run>.run.parent_run_id=string
<run>.run.pending=float64
<run>.run.playground=bool
<run>.run.public_id=string
<run>.run.request_count=float64
<run>.run.service=string
<run>.run.session_id=string
<run>.run.started=string
<run>.run.status=string
<run>.run.steps=float64
<run>.run.stop_reason=string
<run>.run.trace_id=string
<run>.run.turn=float64
<run>.run.usage.input_tokens=float64
<run>.run.usage.output_tokens=float64
<run>.run.usage{}
<run>.run.weft_version=string
<run>.run{}
<run>{}
<span>.attrs.<key>=bool
<span>.attrs.<key>=float64
<span>.attrs.<key>=string
<span>.attrs.<key>[]
<span>.attrs.<key>[]=string
<span>.attrs{}
<span>.end=string
<span>.events[]
<span>.kind=string
<span>.name=string
<span>.parent_span_id=string
<span>.record=string
<span>.service=string
<span>.span_id=string
<span>.start=string
<span>.status=string
<span>.status_message=string
<span>.trace_id=string
<span>{}
<tools>.content=string
<tools>.hash=string
<tools>.record=string
<tools>.tools[]
<tools>.tools[].approval=bool
<tools>.tools[].description=string
<tools>.tools[].max_result_bytes=float64
<tools>.tools[].name=string
<tools>.tools[].replay=string
<tools>.tools[].schema.type=string
<tools>.tools[].schema[object].properties.order_id.type=string
<tools>.tools[].schema[object].properties.order_id[string].description=string
<tools>.tools[].schema[object].properties.order_id{}
<tools>.tools[].schema[object].properties.prompt.type=string
<tools>.tools[].schema[object].properties.prompt[string].description=string
<tools>.tools[].schema[object].properties.prompt{}
<tools>.tools[].schema[object].properties{}
<tools>.tools[].schema[object].required[]
<tools>.tools[].schema[object].required[]=string
<tools>.tools[].schema{}
<tools>.tools[].sequential=bool
<tools>.tools[].source=string
<tools>.tools[].timeout_ms=float64
<tools>.tools[]{}
<tools>.truncated_bytes=float64
<tools>{}
